INFO, org.springframework.boot.StartupInfoLogger logStarting [Starting HotelManagementApplicationBackApplicationTests using Java 17.0.2 on LAPTOP-FKJD5OO5 with PID 11836 (started by shanm in E:\springBoot\HotelManagementApplicationBack)] 
INFO, org.springframework.boot.SpringApplication logStartupProfileInfo [No active profile set, falling back to 1 default profile: "default"] 
INFO, org.springframework.data.repository.config.RepositoryConfigurationDelegate registerRepositoriesIn [Bootstrapping Spring Data JPA repositories in DEFAULT mode.] 
INFO, org.springframework.data.repository.config.RepositoryConfigurationDelegate registerRepositoriesIn [Finished Spring Data repository scanning in 123 ms. Found 5 JPA repository interfaces.] 
INFO, org.hibernate.jpa.internal.util.LogHelper logPersistenceUnitInformation [HHH000204: Processing PersistenceUnitInfo [name: default]] 
INFO, org.hibernate.Version logVersion [HHH000412: Hibernate ORM core version 5.6.8.Final] 
INFO, org.hibernate.annotations.common.reflection.java.JavaReflectionManager <clinit> [HCANN000001: Hibernate Commons Annotations {5.1.2.Final}] 
INFO, com.zaxxer.hikari.HikariDataSource getConnection [HikariPool-1 - Starting...] 
INFO, com.zaxxer.hikari.HikariDataSource getConnection [HikariPool-1 - Start completed.] 
INFO, org.hibernate.dialect.Dialect <init> [HHH000400: Using dialect: org.hibernate.dialect.MySQL8Dialect] 
INFO, org.hibernate.engine.transaction.jta.platform.internal.JtaPlatformInitiator initiateService [HHH000490: Using JtaPlatform implementation: [org.hibernate.engine.transaction.jta.platform.internal.NoJtaPlatform]] 
INFO, org.springframework.orm.jpa.AbstractEntityManagerFactoryBean buildNativeEntityManagerFactory [Initialized JPA EntityManagerFactory for persistence unit 'default'] 
WARN, org.springframework.boot.autoconfigure.orm.jpa.JpaBaseConfiguration$JpaWebConfiguration openEntityManagerInViewInterceptor [spring.jpa.open-in-view is enabled by default. Therefore, database queries may be performed during view rendering. Explicitly configure spring.jpa.open-in-view to disable this warning] 
WARN, org.springframework.security.config.annotation.web.builders.WebSecurity performBuild [You are asking Spring Security to ignore Ant [pattern='/signIn']. This is not recommended -- please use permitAll via HttpSecurity#authorizeHttpRequests instead.] 
INFO, org.springframework.security.web.DefaultSecurityFilterChain <init> [Will not secure Ant [pattern='/signIn']] 
WARN, org.springframework.security.config.annotation.web.builders.WebSecurity performBuild [You are asking Spring Security to ignore Ant [pattern='/signUp']. This is not recommended -- please use permitAll via HttpSecurity#authorizeHttpRequests instead.] 
INFO, org.springframework.security.web.DefaultSecurityFilterChain <init> [Will not secure Ant [pattern='/signUp']] 
WARN, org.springframework.security.config.annotation.web.builders.WebSecurity performBuild [You are asking Spring Security to ignore Ant [pattern='/get-user']. This is not recommended -- please use permitAll via HttpSecurity#authorizeHttpRequests instead.] 
INFO, org.springframework.security.web.DefaultSecurityFilterChain <init> [Will not secure Ant [pattern='/get-user']] 
WARN, org.springframework.security.config.annotation.web.builders.WebSecurity performBuild [You are asking Spring Security to ignore Ant [pattern='/change-user-pass']. This is not recommended -- please use permitAll via HttpSecurity#authorizeHttpRequests instead.] 
INFO, org.springframework.security.web.DefaultSecurityFilterChain <init> [Will not secure Ant [pattern='/change-user-pass']] 
WARN, org.springframework.security.config.annotation.web.builders.WebSecurity performBuild [You are asking Spring Security to ignore Ant [pattern='/v3/api-docs/**']. This is not recommended -- please use permitAll via HttpSecurity#authorizeHttpRequests instead.] 
INFO, org.springframework.security.web.DefaultSecurityFilterChain <init> [Will not secure Ant [pattern='/v3/api-docs/**']] 
WARN, org.springframework.security.config.annotation.web.builders.WebSecurity performBuild [You are asking Spring Security to ignore Ant [pattern='/swagger-ui/**']. This is not recommended -- please use permitAll via HttpSecurity#authorizeHttpRequests instead.] 
INFO, org.springframework.security.web.DefaultSecurityFilterChain <init> [Will not secure Ant [pattern='/swagger-ui/**']] 
WARN, org.springframework.security.config.annotation.web.builders.WebSecurity performBuild [You are asking Spring Security to ignore Ant [pattern='/swagger-ui/index.html']. This is not recommended -- please use permitAll via HttpSecurity#authorizeHttpRequests instead.] 
INFO, org.springframework.security.web.DefaultSecurityFilterChain <init> [Will not secure Ant [pattern='/swagger-ui/index.html']] 
INFO, org.springframework.security.web.DefaultSecurityFilterChain <init> [Will secure any request with [org.springframework.security.web.context.request.async.WebAsyncManagerIntegrationFilter@28532753, org.springframework.security.web.context.SecurityContextPersistenceFilter@672f69f7, org.springframework.security.web.header.HeaderWriterFilter@5e25085, org.springframework.web.filter.CorsFilter@21399e53, org.springframework.security.web.authentication.logout.LogoutFilter@489b7559, com.example.demo.filters.JwtAuthenticationFilter@5d67bf4d, org.springframework.security.web.savedrequest.RequestCacheAwareFilter@3220833f, org.springframework.security.web.servletapi.SecurityContextHolderAwareRequestFilter@1d7d968c, org.springframework.security.web.authentication.AnonymousAuthenticationFilter@2a6871ad, org.springframework.security.web.session.SessionManagementFilter@2eb9c7ad, org.springframework.security.web.access.ExceptionTranslationFilter@501b296a, org.springframework.security.web.access.intercept.FilterSecurityInterceptor@192aeae2]] 
INFO, org.springframework.boot.StartupInfoLogger logStarted [Started HotelManagementApplicationBackApplicationTests in 11.155 seconds (JVM running for 13.48)] 
INFO, org.springframework.orm.jpa.AbstractEntityManagerFactoryBean destroy [Closing JPA EntityManagerFactory for persistence unit 'default'] 
INFO, com.zaxxer.hikari.HikariDataSource close [HikariPool-1 - Shutdown initiated...] 
INFO, com.zaxxer.hikari.HikariDataSource close [HikariPool-1 - Shutdown completed.] 
